[meustc.com/index2ae5.html]
[backblue.gif]
[fade.gif]
[index.html]
[meustc.com/wp-content/uploads/blocksy/css/globale437.css]
[meustc.com/feed/index.html]
[meustc.com/comments/feed/index.html]
[meustc.com/wp-content/plugins/elementor/assets/lib/eicons/css/elementor-icons.min50c3.css]
[meustc.com/wp-content/plugins/elementor/assets/css/frontend-lite.min34a7.css]
[meustc.com/wp-content/plugins/elementor/assets/lib/swiper/v8/css/swiper.min94a4.css]
[meustc.com/wp-content/uploads/elementor/css/post-10a559.css]
[meustc.com/wp-content/plugins/elementor-pro/assets/css/frontend-lite.min34a7.css]
[meustc.com/wp-content/uploads/elementor/css/post-5733a23.css]
[meustc.com/wp-content/themes/blocksy/static/bundle/main.minb95e.css]
[meustc.com/wp-content/themes/blocksy/static/bundle/page-title.minb95e.css]
[meustc.com/wp-content/themes/blocksy/static/bundle/elementor-frontend.minb95e.css]
[meustc.com/wp-includes/js/jquery/jquery.minf43b.js]
[meustc.com/wp-includes/js/jquery/jquery-migrate.min5589.js]
[meustc.com/wp-content/plugins/pixelyoursite/dist/scripts/jquery.bind-first-0.2.3.min84fc.js]
[meustc.com/wp-content/plugins/pixelyoursite/dist/scripts/js.cookie-2.1.3.min4c71.js]
[meustc.com/wp-content/plugins/pixelyoursite/dist/scripts/public31ce.js]
[meustc.com/wp-json/wp/v2/pages/573.json]
[meustc.com/wp-json/index.html]
[meustc.com/xmlrpc0db0.php]
[meustc.com/wp-json/oembed/1.0/embed44d5.json]
[meustc.com/index.html]
[meustc.com/wp-json/oembed/1.0/embed192b]
[meustc.com/wp-content/uploads/2023/10/cropped-STC-Icon-32x32.png]
[meustc.com/wp-content/uploads/2023/10/cropped-STC-Icon-192x192.png]
[meustc.com/wp-content/uploads/2023/10/cropped-STC-Icon-180x180.png]
[meustc.com/wp-content/plugins/elementor/assets/css/widget-icon-list.min.css]
[meustc.com/wp-content/uploads/2023/10/MARIANNA-RESULTADO-novo-e1574712135762.jpg]
[meustc.com/wp-content/uploads/2023/10/385c076f-7f2f-489a-a048-6992a0eab0f2-e1574713032781.jpg]
[meustc.com/wp-content/uploads/2023/10/garantia-30-dias-2.png]
[meustc.com/wp-content/uploads/2023/10/modulo4.jpg]
[meustc.com/wp-content/uploads/2023/10/modulo3.jpg]
[meustc.com/wp-content/uploads/2023/10/modulo2.jpg]
[meustc.com/wp-content/uploads/2023/10/modulo1.jpg]
[meustc.com/wp-content/uploads/2023/10/modulo5.jpg]
[meustc.com/wp-content/uploads/2023/10/modulo6.jpg]
[meustc.com/wp-content/uploads/2023/10/Equipe-nutricional.jpg]
[meustc.com/wp-content/uploads/2023/10/compra-segura-1.png]
[meustc.com/wp-content/uploads/2023/10/pagamento-1.png]
[meustc.com/wp-content/uploads/2023/10/logo-site-blindado-1.png]
[meustc.com/wp-content/plugins/elementor/assets/lib/animations/animations.min34a7.css]
[meustc.com/wp-content/plugins/activecampaign-subscription-forms/site_tracking84fc.js]
[meustc.com/wp-content/themes/blocksy/static/bundle/mainb95e.js]
[meustc.com/wp-content/plugins/elementor-pro/assets/js/webpack-pro.runtime.min34a7.js]
[meustc.com/wp-content/plugins/elementor/assets/js/webpack.runtime.min34a7.js]
[meustc.com/wp-content/plugins/elementor/assets/js/frontend-modules.min34a7.js]
[meustc.com/wp-includes/js/dist/vendor/wp-polyfill-inert.min0226.js]
[meustc.com/wp-includes/js/dist/vendor/regenerator-runtime.min6c85.js]
[meustc.com/wp-includes/js/dist/vendor/wp-polyfill.min2c7c.js]
[meustc.com/wp-includes/js/dist/hooks.min2ebd.js]
[meustc.com/wp-includes/js/dist/i18n.minf92f.js]
[meustc.com/wp-content/plugins/elementor-pro/assets/js/frontend.min34a7.js]
[meustc.com/wp-content/plugins/elementor/assets/lib/waypoints/waypoints.min05da.js]
[meustc.com/wp-includes/js/jquery/ui/core.min3f14.js]
[meustc.com/wp-content/plugins/elementor/assets/js/frontend.min34a7.js]
[meustc.com/index2ae5.html]
[meustc.com/wp-content/uploads/blocksy/css/globale437.css]
[meustc.com/wp-content/plugins/activecampaign-subscription-forms/activecampaign-form-block/build/style-index6496.css]
[meustc.com/wp-content/plugins/elementor-pro/assets/js/elements-handlers.min34a7.js]
[meustc.com/wp-content/plugins/elementor/assets/lib/eicons/fonts/eiconsb39f.woff2]
[meustc.com/wp-content/plugins/elementor/assets/lib/eicons/fonts/eiconsb39f.eot]
[meustc.com/wp-content/plugins/elementor/assets/lib/eicons/fonts/eiconsb39f.woff]
[meustc.com/wp-content/plugins/elementor/assets/lib/eicons/fonts/eiconsb39f.ttf]
[meustc.com/wp-content/plugins/elementor/assets/lib/eicons/css/elementor-icons.min50c3.css]
[meustc.com/wp-content/plugins/elementor/assets/css/frontend-lite.min34a7.css]
[meustc.com/wp-content/plugins/elementor/assets/lib/swiper/v8/css/swiper.min94a4.css]
[meustc.com/wp-content/uploads/elementor/css/post-10a559.css]
[meustc.com/wp-content/plugins/elementor-pro/assets/css/frontend-lite.min34a7.css]
[meustc.com/wp-content/plugins/elementor/assets/lib/eicons/fonts/eiconsb39f.svg]
[meustc.com/wp-content/uploads/2023/10/energetic-athletic-young-woman-exercising-indoors-doing-side-plank-pose-which-helps-build-strength-core-arms-legs.jpg]
[meustc.com/wp-content/uploads/2023/10/woman-recording-cooking-video.jpg]
[meustc.com/wp-content/uploads/2023/10/WhatsApp-Image-2021-05-31-at-22.46.51.jpg]
[meustc.com/wp-content/uploads/2023/10/group-of-people-doing-yoga-warrior-pose-at-studio.jpg]
[meustc.com/wp-content/uploads/2023/10/IMG_4558-scaled-e1601747766309.jpg]
[meustc.com/wp-content/uploads/2023/10/person-writing-recipe-notebook-Small.jpg]
[meustc.com/wp-content/uploads/2023/10/image-young-happy-smiling-cheery-pretty-lady-indoors-kitchen-cooking-holding-notebook-Small.jpg]
[meustc.com/wp-content/uploads/2023/10/beautiful-young-woman-eating-cereals-fruits-home-Small.jpg]
[meustc.com/wp-content/uploads/elementor/css/post-5733a23.css]
[meustc.com/wp-content/themes/blocksy/static/fonts/stars.woff2]
[meustc.com/wp-content/themes/blocksy/static/bundle/main.minb95e.css]
[meustc.com/wp-content/themes/blocksy/static/bundle/page-title.minb95e.css]
[meustc.com/wp-content/themes/blocksy/static/bundle/elementor-frontend.minb95e.css]
[meustc.com/wp-includes/js/jquery/jquery.minf43b.js]
[meustc.com/wp-includes/js/jquery/jquery-migrate.min5589.js]
[meustc.com/wp-content/plugins/pixelyoursite/dist/scripts/jquery.bind-first-0.2.3.min84fc.js]
[meustc.com/wp-content/plugins/pixelyoursite/dist/scripts/js.cookie-2.1.3.min4c71.js]
[meustc.com/wp-content/plugins/pixelyoursite/dist/scripts/public31ce.js]
[meustc.com/index.html]
[meustc.com/wp-content/themes/blocksy/static/bundle/no-scripts.min.css]
[meustc.com/wp-content/plugins/elementor/assets/css/widget-icon-list.min.css]
[meustc.com/wp-content/plugins/elementor/assets/lib/animations/animations.min34a7.css]
[connect.facebook.net/en_US/fbevents.js]
[meustc.com/wp-content/plugins/activecampaign-subscription-forms/site_tracking84fc.js]
[meustc.com/wp-content/themes/blocksy/static/bundle/mainb95e.js]
[meustc.com/wp-content/plugins/elementor-pro/assets/js/webpack-pro.runtime.min34a7.js]
[meustc.com/wp-content/plugins/elementor/assets/js/webpack.runtime.min34a7.js]
[meustc.com/wp-content/plugins/elementor/assets/js/frontend-modules.min34a7.js]
[meustc.com/wp-includes/js/dist/vendor/wp-polyfill-inert.min0226.js]
[meustc.com/wp-includes/js/dist/vendor/regenerator-runtime.min6c85.js]
[meustc.com/wp-includes/js/dist/vendor/wp-polyfill.min2c7c.js]
[meustc.com/wp-includes/js/dist/hooks.min2ebd.js]
[meustc.com/wp-includes/js/dist/i18n.minf92f.js]
[meustc.com/wp-content/plugins/elementor-pro/assets/js/frontend.min34a7.js]
[meustc.com/wp-content/plugins/elementor/assets/lib/waypoints/waypoints.min05da.js]
[meustc.com/wp-includes/js/jquery/ui/core.min3f14.js]
[diffuser-cdn.app-us1.com/diffuser/diffuser.js]
[meustc.com/-negative.svg]
[meustc.com/wp-content/plugins/elementor/assets/js/frontend.min34a7.js]
[meustc.com/OPR/index.html]
[meustc.com/window.location.href]
[meustc.com/wp-content/plugins/elementor-pro/assets/js/elements-handlers.min34a7.js]
[meustc.com/wp-content/plugins/elementor/assets/lib/eicons/fonts/eiconsb39f.svg]
[meustc.com/wp-content/plugins/pixelyoursite/dist/scripts/a]
[meustc.com/wp-content/plugins/pixelyoursite/dist/scripts/POST]
[meustc.com/wp-content/plugins/pixelyoursite/dist/scripts/b.resolvedLink]
[meustc.com/wp-content/plugins/pixelyoursite/dist/scripts/schema.org/index.html]
[meustc.com/signals/iwl.js]
[connect.facebook.net/en_US/fbevents.js]
[meustc.com/-negative.html]
[meustc.com/OPR/index.html]
[meustc.com/window.location.html]
[meustc.com/wp-content/plugins/pixelyoursite/dist/scripts/a.html]
[meustc.com/wp-content/plugins/pixelyoursite/dist/scripts/POST.html]
[meustc.com/wp-content/plugins/pixelyoursite/dist/scripts/schema.org/index.html]
[meustc.com/wp-content/plugins/pixelyoursite/dist/scripts/b.html]
[meustc.com/signals/iwl.html]
